Archive member included to satisfy reference by file (symbol)

/home/stepan/Software/AC6/plugins/fr.ac6.mcu.externaltools.arm-none.linux64_1.15.0.201708311556/tools/compiler/bin/../lib/gcc/arm-none-eabi/6.3.1/../../../../arm-none-eabi/lib/thumb/v7e-m/fpv4-sp/hard/libc_nano.a(lib_a-exit.o)
                              /home/stepan/Software/AC6/plugins/fr.ac6.mcu.externaltools.arm-none.linux64_1.15.0.201708311556/tools/compiler/bin/../lib/gcc/arm-none-eabi/6.3.1/../../../../arm-none-eabi/lib/thumb/v7e-m/fpv4-sp/hard/crt0.o (exit)
/home/stepan/Software/AC6/plugins/fr.ac6.mcu.externaltools.arm-none.linux64_1.15.0.201708311556/tools/compiler/bin/../lib/gcc/arm-none-eabi/6.3.1/../../../../arm-none-eabi/lib/thumb/v7e-m/fpv4-sp/hard/libc_nano.a(lib_a-impure.o)
                              /home/stepan/Software/AC6/plugins/fr.ac6.mcu.externaltools.arm-none.linux64_1.15.0.201708311556/tools/compiler/bin/../lib/gcc/arm-none-eabi/6.3.1/../../../../arm-none-eabi/lib/thumb/v7e-m/fpv4-sp/hard/libc_nano.a(lib_a-exit.o) (_global_impure_ptr)
/home/stepan/Software/AC6/plugins/fr.ac6.mcu.externaltools.arm-none.linux64_1.15.0.201708311556/tools/compiler/bin/../lib/gcc/arm-none-eabi/6.3.1/../../../../arm-none-eabi/lib/thumb/v7e-m/fpv4-sp/hard/libc_nano.a(lib_a-init.o)
                              /home/stepan/Software/AC6/plugins/fr.ac6.mcu.externaltools.arm-none.linux64_1.15.0.201708311556/tools/compiler/bin/../lib/gcc/arm-none-eabi/6.3.1/../../../../arm-none-eabi/lib/thumb/v7e-m/fpv4-sp/hard/crt0.o (__libc_init_array)
/home/stepan/Software/AC6/plugins/fr.ac6.mcu.externaltools.arm-none.linux64_1.15.0.201708311556/tools/compiler/bin/../lib/gcc/arm-none-eabi/6.3.1/../../../../arm-none-eabi/lib/thumb/v7e-m/fpv4-sp/hard/libc_nano.a(lib_a-memcpy-stub.o)
                              Src/jeti_uart.o (memcpy)
/home/stepan/Software/AC6/plugins/fr.ac6.mcu.externaltools.arm-none.linux64_1.15.0.201708311556/tools/compiler/bin/../lib/gcc/arm-none-eabi/6.3.1/../../../../arm-none-eabi/lib/thumb/v7e-m/fpv4-sp/hard/libc_nano.a(lib_a-memset.o)
                              /home/stepan/Software/AC6/plugins/fr.ac6.mcu.externaltools.arm-none.linux64_1.15.0.201708311556/tools/compiler/bin/../lib/gcc/arm-none-eabi/6.3.1/../../../../arm-none-eabi/lib/thumb/v7e-m/fpv4-sp/hard/crt0.o (memset)
/home/stepan/Software/AC6/plugins/fr.ac6.mcu.externaltools.arm-none.linux64_1.15.0.201708311556/tools/compiler/bin/../lib/gcc/arm-none-eabi/6.3.1/../../../../arm-none-eabi/lib/thumb/v7e-m/fpv4-sp/hard/libc_nano.a(lib_a-strlen.o)
                              Src/jeti_uart.o (strlen)
/home/stepan/Software/AC6/plugins/fr.ac6.mcu.externaltools.arm-none.linux64_1.15.0.201708311556/tools/compiler/bin/../lib/gcc/arm-none-eabi/6.3.1/../../../../arm-none-eabi/lib/thumb/v7e-m/fpv4-sp/hard/libnosys.a(_exit.o)
                              /home/stepan/Software/AC6/plugins/fr.ac6.mcu.externaltools.arm-none.linux64_1.15.0.201708311556/tools/compiler/bin/../lib/gcc/arm-none-eabi/6.3.1/../../../../arm-none-eabi/lib/thumb/v7e-m/fpv4-sp/hard/libc_nano.a(lib_a-exit.o) (_exit)

Allocating common symbols
Common symbol       size              file

stack_lenght        0x800             Src/jeti_uart.o
uwTick              0x4               Drivers/STM32F3xx_HAL_Driver/Src/stm32f3xx_hal.o
pFlash              0x20              Drivers/STM32F3xx_HAL_Driver/Src/stm32f3xx_hal_flash.o
htim3               0x40              Src/main.o
huart4              0x70              Src/main.o
htim2               0x40              Src/main.o
huart2              0x70              Src/main.o
stack_seq           0x2000            Src/jeti_uart.o

Discarded input sections

 .text          0x0000000000000000        0x0 /home/stepan/Software/AC6/plugins/fr.ac6.mcu.externaltools.arm-none.linux64_1.15.0.201708311556/tools/compiler/bin/../lib/gcc/arm-none-eabi/6.3.1/thumb/v7e-m/fpv4-sp/hard/crti.o
 .data          0x0000000000000000        0x0 /home/stepan/Software/AC6/plugins/fr.ac6.mcu.externaltools.arm-none.linux64_1.15.0.201708311556/tools/compiler/bin/../lib/gcc/arm-none-eabi/6.3.1/thumb/v7e-m/fpv4-sp/hard/crti.o
 .bss           0x0000000000000000        0x0 /home/stepan/Software/AC6/plugins/fr.ac6.mcu.externaltools.arm-none.linux64_1.15.0.201708311556/tools/compiler/bin/../lib/gcc/arm-none-eabi/6.3.1/thumb/v7e-m/fpv4-sp/hard/crti.o
 .data          0x0000000000000000        0x4 /home/stepan/Software/AC6/plugins/fr.ac6.mcu.externaltools.arm-none.linux64_1.15.0.201708311556/tools/compiler/bin/../lib/gcc/arm-none-eabi/6.3.1/thumb/v7e-m/fpv4-sp/hard/crtbegin.o
 .text          0x0000000000000000       0x74 /home/stepan/Software/AC6/plugins/fr.ac6.mcu.externaltools.arm-none.linux64_1.15.0.201708311556/tools/compiler/bin/../lib/gcc/arm-none-eabi/6.3.1/../../../../arm-none-eabi/lib/thumb/v7e-m/fpv4-sp/hard/crt0.o
[...]
Memory Configuration

Name             Origin             Length             Attributes
RAM              0x0000000020000000 0x000000000000a000 xrw
CCMRAM           0x0000000010000000 0x0000000000002000 rw
FLASH            0x0000000008000000 0x0000000000040000 xr
*default*        0x0000000000000000 0xffffffffffffffff

Linker script and memory map

LOAD /home/stepan/Software/AC6/plugins/fr.ac6.mcu.externaltools.arm-none.linux64_1.15.0.201708311556/tools/compiler/bin/../lib/gcc/arm-none-eabi/6.3.1/thumb/v7e-m/fpv4-sp/hard/crti.o
LOAD /home/stepan/Software/AC6/plugins/fr.ac6.mcu.externaltools.arm-none.linux64_1.15.0.201708311556/tools/compiler/bin/../lib/gcc/arm-none-eabi/6.3.1/thumb/v7e-m/fpv4-sp/hard/crtbegin.o
LOAD /home/stepan/Software/AC6/plugins/fr.ac6.mcu.externaltools.arm-none.linux64_1.15.0.201708311556/tools/compiler/bin/../lib/gcc/arm-none-eabi/6.3.1/../../../../arm-none-eabi/lib/thumb/v7e-m/fpv4-sp/hard/crt0.o
LOAD Drivers/STM32F3xx_HAL_Driver/Src/stm32f3xx_hal.o
LOAD Drivers/STM32F3xx_HAL_Driver/Src/stm32f3xx_hal_cortex.o
LOAD Drivers/STM32F3xx_HAL_Driver/Src/stm32f3xx_hal_dma.o
LOAD Drivers/STM32F3xx_HAL_Driver/Src/stm32f3xx_hal_flash.o
LOAD Drivers/STM32F3xx_HAL_Driver/Src/stm32f3xx_hal_flash_ex.o
LOAD Drivers/STM32F3xx_HAL_Driver/Src/stm32f3xx_hal_gpio.o
LOAD Drivers/STM32F3xx_HAL_Driver/Src/stm32f3xx_hal_i2c.o
LOAD Drivers/STM32F3xx_HAL_Driver/Src/stm32f3xx_hal_i2c_ex.o
LOAD Drivers/STM32F3xx_HAL_Driver/Src/stm32f3xx_hal_pwr.o
LOAD Drivers/STM32F3xx_HAL_Driver/Src/stm32f3xx_hal_pwr_ex.o
LOAD Drivers/STM32F3xx_HAL_Driver/Src/stm32f3xx_hal_rcc.o
LOAD Drivers/STM32F3xx_HAL_Driver/Src/stm32f3xx_hal_rcc_ex.o
LOAD Drivers/STM32F3xx_HAL_Driver/Src/stm32f3xx_hal_tim.o
LOAD Drivers/STM32F3xx_HAL_Driver/Src/stm32f3xx_hal_tim_ex.o
LOAD Drivers/STM32F3xx_HAL_Driver/Src/stm32f3xx_hal_uart.o
LOAD Drivers/STM32F3xx_HAL_Driver/Src/stm32f3xx_hal_uart_ex.o
LOAD Src/jeti_uart.o
LOAD Src/main.o
LOAD Src/stm32f3xx_hal_msp.o
LOAD Src/stm32f3xx_it.o
LOAD Src/system_stm32f3xx.o
LOAD startup/startup_stm32f303xc.o
LOAD /home/stepan/Software/AC6/plugins/fr.ac6.mcu.externaltools.arm-none.linux64_1.15.0.201708311556/tools/compiler/bin/../lib/gcc/arm-none-eabi/6.3.1/../../../../arm-none-eabi/lib/thumb/v7e-m/fpv4-sp/hard/libm.a
START GROUP
LOAD /home/stepan/Software/AC6/plugins/fr.ac6.mcu.externaltools.arm-none.linux64_1.15.0.201708311556/tools/compiler/bin/../lib/gcc/arm-none-eabi/6.3.1/thumb/v7e-m/fpv4-sp/hard/libgcc.a
LOAD /home/stepan/Software/AC6/plugins/fr.ac6.mcu.externaltools.arm-none.linux64_1.15.0.201708311556/tools/compiler/bin/../lib/gcc/arm-none-eabi/6.3.1/../../../../arm-none-eabi/lib/thumb/v7e-m/fpv4-sp/hard/libc_nano.a
END GROUP
START GROUP
LOAD /home/stepan/Software/AC6/plugins/fr.ac6.mcu.externaltools.arm-none.linux64_1.15.0.201708311556/tools/compiler/bin/../lib/gcc/arm-none-eabi/6.3.1/thumb/v7e-m/fpv4-sp/hard/libgcc.a
LOAD /home/stepan/Software/AC6/plugins/fr.ac6.mcu.externaltools.arm-none.linux64_1.15.0.201708311556/tools/compiler/bin/../lib/gcc/arm-none-eabi/6.3.1/../../../../arm-none-eabi/lib/thumb/v7e-m/fpv4-sp/hard/libc_nano.a
LOAD /home/stepan/Software/AC6/plugins/fr.ac6.mcu.externaltools.arm-none.linux64_1.15.0.201708311556/tools/compiler/bin/../lib/gcc/arm-none-eabi/6.3.1/../../../../arm-none-eabi/lib/thumb/v7e-m/fpv4-sp/hard/libnosys.a
END GROUP
START GROUP
LOAD /home/stepan/Software/AC6/plugins/fr.ac6.mcu.externaltools.arm-none.linux64_1.15.0.201708311556/tools/compiler/bin/../lib/gcc/arm-none-eabi/6.3.1/thumb/v7e-m/fpv4-sp/hard/libgcc.a
LOAD /home/stepan/Software/AC6/plugins/fr.ac6.mcu.externaltools.arm-none.linux64_1.15.0.201708311556/tools/compiler/bin/../lib/gcc/arm-none-eabi/6.3.1/../../../../arm-none-eabi/lib/thumb/v7e-m/fpv4-sp/hard/libc_nano.a
LOAD /home/stepan/Software/AC6/plugins/fr.ac6.mcu.externaltools.arm-none.linux64_1.15.0.201708311556/tools/compiler/bin/../lib/gcc/arm-none-eabi/6.3.1/../../../../arm-none-eabi/lib/thumb/v7e-m/fpv4-sp/hard/libnosys.a
END GROUP
LOAD /home/stepan/Software/AC6/plugins/fr.ac6.mcu.externaltools.arm-none.linux64_1.15.0.201708311556/tools/compiler/bin/../lib/gcc/arm-none-eabi/6.3.1/thumb/v7e-m/fpv4-sp/hard/crtend.o
LOAD /home/stepan/Software/AC6/plugins/fr.ac6.mcu.externaltools.arm-none.linux64_1.15.0.201708311556/tools/compiler/bin/../lib/gcc/arm-none-eabi/6.3.1/thumb/v7e-m/fpv4-sp/hard/crtn.o
                0x000000002000a000                _estack = 0x2000a000
                0x0000000000000200                _Min_Heap_Size = 0x200
                0x0000000000000400                _Min_Stack_Size = 0x400

.isr_vector     0x0000000008000000      0x188
                0x0000000008000000                . = ALIGN (0x4)
 *(.isr_vector)
 .isr_vector    0x0000000008000000      0x188 startup/startup_stm32f303xc.o
                0x0000000008000000                g_pfnVectors
                0x0000000008000188                . = ALIGN (0x4)

.text           0x0000000008000188     0x2818
                0x0000000008000188                . = ALIGN (0x4)
 *(.text)
 .text          0x0000000008000188       0x6c /home/stepan/Software/AC6/plugins/fr.ac6.mcu.externaltools.arm-none.linux64_1.15.0.201708311556/tools/compiler/bin/../lib/gcc/arm-none-eabi/6.3.1/thumb/v7e-m/fpv4-sp/hard/crtbegin.o
 .text          0x00000000080001f4       0x10 /home/stepan/Software/AC6/plugins/fr.ac6.mcu.externaltools.arm-none.linux64_1.15.0.201708311556/tools/compiler/bin/../lib/gcc/arm-none-eabi/6.3.1/../../../../arm-none-eabi/lib/thumb/v7e-m/fpv4-sp/hard/libc_nano.a(lib_a-strlen.o)
                0x00000000080001f4                strlen
 *(.text*)
 .text.HAL_InitTick
                0x0000000008000204       0x2c Drivers/STM32F3xx_HAL_Driver/Src/stm32f3xx_hal.o
                0x0000000008000204                HAL_InitTick
 .text.HAL_Init
                0x0000000008000230       0x24 Drivers/STM32F3xx_HAL_Driver/Src/stm32f3xx_hal.o
                0x0000000008000230                HAL_Init
 .text.HAL_IncTick
                0x0000000008000254       0x10 Drivers/STM32F3xx_HAL_Driver/Src/stm32f3xx_hal.o
                0x0000000008000254                HAL_IncTick
 .text.HAL_GetTick
                0x0000000008000264        0xc Drivers/STM32F3xx_HAL_Driver/Src/stm32f3xx_hal.o
                0x0000000008000264                HAL_GetTick
 .text.HAL_NVIC_SetPriorityGrouping
                0x0000000008000270       0x24 Drivers/STM32F3xx_HAL_Driver/Src/stm32f3xx_hal_cortex.o
                0x0000000008000270                HAL_NVIC_SetPriorityGrouping
 .text.HAL_NVIC_SetPriority
                0x0000000008000294       0x64 Drivers/STM32F3xx_HAL_Driver/Src/stm32f3xx_hal_cortex.o
                0x0000000008000294                HAL_NVIC_SetPriority
 .text.HAL_NVIC_EnableIRQ
                0x00000000080002f8       0x18 Drivers/STM32F3xx_HAL_Driver/Src/stm32f3xx_hal_cortex.o
                0x00000000080002f8                HAL_NVIC_EnableIRQ
 .text.HAL_SYSTICK_Config
                0x0000000008000310       0x2c Drivers/STM32F3xx_HAL_Driver/Src/stm32f3xx_hal_cortex.o
                0x0000000008000310                HAL_SYSTICK_Config
 .text.HAL_SYSTICK_CLKSourceConfig
                0x000000000800033c       0x20 Drivers/STM32F3xx_HAL_Driver/Src/stm32f3xx_hal_cortex.o
                0x000000000800033c                HAL_SYSTICK_CLKSourceConfig
 .text.HAL_SYSTICK_Callback
                0x000000000800035c        0x2 Drivers/STM32F3xx_HAL_Driver/Src/stm32f3xx_hal_cortex.o
                0x000000000800035c                HAL_SYSTICK_Callback
 .text.HAL_SYSTICK_IRQHandler
                0x000000000800035e        0x8 Drivers/STM32F3xx_HAL_Driver/Src/stm32f3xx_hal_cortex.o
                0x000000000800035e                HAL_SYSTICK_IRQHandler
 .text.HAL_DMA_Abort_IT
                0x0000000008000366       0x4a Drivers/STM32F3xx_HAL_Driver/Src/stm32f3xx_hal_dma.o
                0x0000000008000366                HAL_DMA_Abort_IT
 .text.HAL_GPIO_Init
                0x00000000080003b0      0x1a0 Drivers/STM32F3xx_HAL_Driver/Src/stm32f3xx_hal_gpio.o
                0x00000000080003b0                HAL_GPIO_Init
 .text.HAL_GPIO_WritePin
                0x0000000008000550        0xa Drivers/STM32F3xx_HAL_Driver/Src/stm32f3xx_hal_gpio.o
                0x0000000008000550                HAL_GPIO_WritePin
 .text.HAL_GPIO_TogglePin
                0x000000000800055a        0x8 Drivers/STM32F3xx_HAL_Driver/Src/stm32f3xx_hal_gpio.o
                0x000000000800055a                HAL_GPIO_TogglePin
 *fill*         0x0000000008000562        0x2 
 .text.HAL_RCC_OscConfig
                0x0000000008000564      0x60c Drivers/STM32F3xx_HAL_Driver/Src/stm32f3xx_hal_rcc.o
                0x0000000008000564                HAL_RCC_OscConfig
 .text.HAL_RCC_GetSysClockFreq
                0x0000000008000b70       0x70 Drivers/STM32F3xx_HAL_Driver/Src/stm32f3xx_hal_rcc.o
                0x0000000008000b70                HAL_RCC_GetSysClockFreq
 .text.HAL_RCC_ClockConfig
                0x0000000008000be0      0x1d4 Drivers/STM32F3xx_HAL_Driver/Src/stm32f3xx_hal_rcc.o
                0x0000000008000be0                HAL_RCC_ClockConfig
 .text.HAL_RCC_GetHCLKFreq
                0x0000000008000db4        0xc Drivers/STM32F3xx_HAL_Driver/Src/stm32f3xx_hal_rcc.o
                0x0000000008000db4                HAL_RCC_GetHCLKFreq
 .text.HAL_RCC_GetPCLK1Freq
                0x0000000008000dc0       0x2c Drivers/STM32F3xx_HAL_Driver/Src/stm32f3xx_hal_rcc.o
                0x0000000008000dc0                HAL_RCC_GetPCLK1Freq
 .text.HAL_RCC_GetPCLK2Freq
                0x0000000008000dec       0x2c Drivers/STM32F3xx_HAL_Driver/Src/stm32f3xx_hal_rcc.o
                0x0000000008000dec                HAL_RCC_GetPCLK2Freq
 .text.HAL_RCCEx_PeriphCLKConfig
                0x0000000008000e18      0x268 Drivers/STM32F3xx_HAL_Driver/Src/stm32f3xx_hal_rcc_ex.o
                0x0000000008000e18                HAL_RCCEx_PeriphCLKConfig
 .text.TIM_TI1_ConfigInputStage
                0x0000000008001080       0x26 Drivers/STM32F3xx_HAL_Driver/Src/stm32f3xx_hal_tim.o
 .text.TIM_TI2_ConfigInputStage
                0x00000000080010a6       0x28 Drivers/STM32F3xx_HAL_Driver/Src/stm32f3xx_hal_tim.o
 .text.TIM_ITRx_SetConfig
                0x00000000080010ce       0x10 Drivers/STM32F3xx_HAL_Driver/Src/stm32f3xx_hal_tim.o
 .text.HAL_TIM_Base_Start_IT
                0x00000000080010de       0x18 Drivers/STM32F3xx_HAL_Driver/Src/stm32f3xx_hal_tim.o
                0x00000000080010de                HAL_TIM_Base_Start_IT
 .text.HAL_TIM_OC_DelayElapsedCallback
                0x00000000080010f6        0x2 Drivers/STM32F3xx_HAL_Driver/Src/stm32f3xx_hal_tim.o
                0x00000000080010f6                HAL_TIM_OC_DelayElapsedCallback
 .text.HAL_TIM_IC_CaptureCallback
                0x00000000080010f8        0x2 Drivers/STM32F3xx_HAL_Driver/Src/stm32f3xx_hal_tim.o
                0x00000000080010f8                HAL_TIM_IC_CaptureCallback
 .text.HAL_TIM_PWM_PulseFinishedCallback
                0x00000000080010fa        0x2 Drivers/STM32F3xx_HAL_Driver/Src/stm32f3xx_hal_tim.o
                0x00000000080010fa                HAL_TIM_PWM_PulseFinishedCallback
 .text.HAL_TIM_TriggerCallback
                0x00000000080010fc        0x2 Drivers/STM32F3xx_HAL_Driver/Src/stm32f3xx_hal_tim.o
                0x00000000080010fc                HAL_TIM_TriggerCallback
 .text.HAL_TIM_IRQHandler
                0x00000000080010fe      0x19a Drivers/STM32F3xx_HAL_Driver/Src/stm32f3xx_hal_tim.o
                0x00000000080010fe                HAL_TIM_IRQHandler
 .text.TIM_Base_SetConfig
                0x0000000008001298       0xb8 Drivers/STM32F3xx_HAL_Driver/Src/stm32f3xx_hal_tim.o
                0x0000000008001298                TIM_Base_SetConfig
 .text.HAL_TIM_Base_Init
                0x0000000008001350       0x32 Drivers/STM32F3xx_HAL_Driver/Src/stm32f3xx_hal_tim.o
                0x0000000008001350                HAL_TIM_Base_Init
 .text.TIM_ETR_SetConfig
                0x0000000008001382       0x18 Drivers/STM32F3xx_HAL_Driver/Src/stm32f3xx_hal_tim.o
                0x0000000008001382                TIM_ETR_SetConfig
 *fill*         0x000000000800139a        0x2 
 .text.HAL_TIM_ConfigClockSource
                0x000000000800139c      0x118 Drivers/STM32F3xx_HAL_Driver/Src/stm32f3xx_hal_tim.o
                0x000000000800139c                HAL_TIM_ConfigClockSource
 .text.HAL_TIMEx_MasterConfigSynchronization
                0x00000000080014b4       0x58 Drivers/STM32F3xx_HAL_Driver/Src/stm32f3xx_hal_tim_ex.o
                0x00000000080014b4                HAL_TIMEx_MasterConfigSynchronization
 .text.HAL_TIMEx_CommutationCallback
                0x000000000800150c        0x2 Drivers/STM32F3xx_HAL_Driver/Src/stm32f3xx_hal_tim_ex.o
                0x000000000800150c                HAL_TIMEx_CommutationCallback
 .text.HAL_TIMEx_BreakCallback
                0x000000000800150e        0x2 Drivers/STM32F3xx_HAL_Driver/Src/stm32f3xx_hal_tim_ex.o
                0x000000000800150e                HAL_TIMEx_BreakCallback
 .text.HAL_TIMEx_Break2Callback
                0x0000000008001510        0x2 Drivers/STM32F3xx_HAL_Driver/Src/stm32f3xx_hal_tim_ex.o
                0x0000000008001510                HAL_TIMEx_Break2Callback
 .text.UART_EndRxTransfer
                0x0000000008001512       0x1c Drivers/STM32F3xx_HAL_Driver/Src/stm32f3xx_hal_uart.o
 .text.HAL_UART_Receive_IT
                0x000000000800152e       0x92 Drivers/STM32F3xx_HAL_Driver/Src/stm32f3xx_hal_uart.o
                0x000000000800152e                HAL_UART_Receive_IT
 .text.HAL_UART_TxCpltCallback
                0x00000000080015c0        0x2 Drivers/STM32F3xx_HAL_Driver/Src/stm32f3xx_hal_uart.o
                0x00000000080015c0                HAL_UART_TxCpltCallback
 .text.HAL_UART_RxCpltCallback
                0x00000000080015c2        0x2 Drivers/STM32F3xx_HAL_Driver/Src/stm32f3xx_hal_uart.o
                0x00000000080015c2                HAL_UART_RxCpltCallback
 .text.HAL_UART_ErrorCallback
                0x00000000080015c4        0x2 Drivers/STM32F3xx_HAL_Driver/Src/stm32f3xx_hal_uart.o
                0x00000000080015c4                HAL_UART_ErrorCallback
 .text.UART_DMAAbortOnError
                0x00000000080015c6       0x14 Drivers/STM32F3xx_HAL_Driver/Src/stm32f3xx_hal_uart.o
 *fill*         0x00000000080015da        0x2 
 .text.UART_SetConfig
                0x00000000080015dc      0x29c Drivers/STM32F3xx_HAL_Driver/Src/stm32f3xx_hal_uart.o
                0x00000000080015dc                UART_SetConfig
 .text.UART_AdvFeatureConfig
                0x0000000008001878       0xca Drivers/STM32F3xx_HAL_Driver/Src/stm32f3xx_hal_uart.o
                0x0000000008001878                UART_AdvFeatureConfig
 .text.UART_WaitOnFlagUntilTimeout
                0x0000000008001942       0x64 Drivers/STM32F3xx_HAL_Driver/Src/stm32f3xx_hal_uart.o
                0x0000000008001942                UART_WaitOnFlagUntilTimeout
 .text.UART_CheckIdleState
                0x00000000080019a6       0x70 Drivers/STM32F3xx_HAL_Driver/Src/stm32f3xx_hal_uart.o
                0x00000000080019a6                UART_CheckIdleState
 .text.HAL_UART_Init
                0x0000000008001a16       0x68 Drivers/STM32F3xx_HAL_Driver/Src/stm32f3xx_hal_uart.o
                0x0000000008001a16                HAL_UART_Init
 .text.HAL_HalfDuplex_Init
                0x0000000008001a7e       0x74 Drivers/STM32F3xx_HAL_Driver/Src/stm32f3xx_hal_uart.o
                0x0000000008001a7e                HAL_HalfDuplex_Init
 .text.UART_Transmit_IT
                0x0000000008001af2       0x6e Drivers/STM32F3xx_HAL_Driver/Src/stm32f3xx_hal_uart.o
                0x0000000008001af2                UART_Transmit_IT
 .text.UART_EndTransmit_IT
                0x0000000008001b60       0x1a Drivers/STM32F3xx_HAL_Driver/Src/stm32f3xx_hal_uart.o
                0x0000000008001b60                UART_EndTransmit_IT
 .text.UART_Receive_IT
                0x0000000008001b7a       0x82 Drivers/STM32F3xx_HAL_Driver/Src/stm32f3xx_hal_uart.o
                0x0000000008001b7a                UART_Receive_IT
 .text.HAL_UART_IRQHandler
                0x0000000008001bfc      0x15c Drivers/STM32F3xx_HAL_Driver/Src/stm32f3xx_hal_uart.o
                0x0000000008001bfc                HAL_UART_IRQHandler
 .text.HAL_UARTEx_WakeupCallback
                0x0000000008001d58        0x2 Drivers/STM32F3xx_HAL_Driver/Src/stm32f3xx_hal_uart_ex.o
                0x0000000008001d58                HAL_UARTEx_WakeupCallback
 .text.update_crc
                0x0000000008001d5a       0x24 Src/jeti_uart.o
                0x0000000008001d5a                update_crc
 .text.crc8     0x0000000008001d7e       0x1e Src/jeti_uart.o
                0x0000000008001d7e                crc8
 .text.has_odd_parity
                0x0000000008001d9c       0x26 Src/jeti_uart.o
                0x0000000008001d9c                has_odd_parity
 .text.generate_seq
                0x0000000008001dc2       0x76 Src/jeti_uart.o
                0x0000000008001dc2                generate_seq
 .text.send_jeti_data
                0x0000000008001e38       0x54 Src/jeti_uart.o
                0x0000000008001e38                send_jeti_data
 .text.send_jeti_text
                0x0000000008001e8c       0x54 Src/jeti_uart.o
                0x0000000008001e8c                send_jeti_text
 .text.jeti_uart
                0x0000000008001ee0       0xec Src/jeti_uart.o
                0x0000000008001ee0                jeti_uart
 .text.esemble_seq_data
                0x0000000008001fcc       0x80 Src/jeti_uart.o
                0x0000000008001fcc                esemble_seq_data
 .text.esemble_seq_text
                0x000000000800204c       0xa2 Src/jeti_uart.o
                0x000000000800204c                esemble_seq_text
 *fill*         0x00000000080020ee        0x2 
 .text.MX_GPIO_Init
                0x00000000080020f0      0x130 Src/main.o
 .text.HAL_TIM_PeriodElapsedCallback
                0x0000000008002220       0x1c Src/main.o
                0x0000000008002220                HAL_TIM_PeriodElapsedCallback
 .text._Error_Handler
                0x000000000800223c        0x2 Src/main.o
                0x000000000800223c                _Error_Handler
 *fill*         0x000000000800223e        0x2 
 .text.MX_UART4_Init
                0x0000000008002240       0x4c Src/main.o
 .text.MX_TIM2_Init
                0x000000000800228c       0x70 Src/main.o
 .text.MX_USART2_UART_Init
                0x00000000080022fc       0x4c Src/main.o
 .text.MX_TIM3_Init
                0x0000000008002348       0x74 Src/main.o
 .text.SystemClock_Config
                0x00000000080023bc       0xa4 Src/main.o
                0x00000000080023bc                SystemClock_Config
 .text.main     0x0000000008002460      0x1c8 Src/main.o
                0x0000000008002460                main
 .text.HAL_MspInit
                0x0000000008002628       0x7c Src/stm32f3xx_hal_msp.o
                0x0000000008002628                HAL_MspInit
 .text.HAL_TIM_Base_MspInit
                0x00000000080026a4       0x70 Src/stm32f3xx_hal_msp.o
                0x00000000080026a4                HAL_TIM_Base_MspInit
 .text.HAL_UART_MspInit
                0x0000000008002714       0xa0 Src/stm32f3xx_hal_msp.o
                0x0000000008002714                HAL_UART_MspInit
 .text.SysTick_Handler
                0x00000000080027b4        0xc Src/stm32f3xx_it.o
                0x00000000080027b4                SysTick_Handler
 .text.TIM2_IRQHandler
                0x00000000080027c0       0x24 Src/stm32f3xx_it.o
                0x00000000080027c0                TIM2_IRQHandler
 .text.TIM3_IRQHandler
                0x00000000080027e4       0x1c Src/stm32f3xx_it.o
                0x00000000080027e4                TIM3_IRQHandler
 .text.UART4_IRQHandler
                0x0000000008002800       0x6c Src/stm32f3xx_it.o
                0x0000000008002800                UART4_IRQHandler
 .text.SystemInit
                0x000000000800286c       0x68 Src/system_stm32f3xx.o
                0x000000000800286c                SystemInit
 .text.Reset_Handler
                0x00000000080028d4       0x50 startup/startup_stm32f303xc.o
                0x00000000080028d4                Reset_Handler
 .text.Default_Handler
                0x0000000008002924        0x2 startup/startup_stm32f303xc.o
                0x0000000008002924                RTC_Alarm_IRQHandler
                0x0000000008002924                TIM8_TRG_COM_IRQHandler
                0x0000000008002924                TIM8_CC_IRQHandler
                0x0000000008002924                DebugMon_Handler
                0x0000000008002924                TIM1_CC_IRQHandler
                0x0000000008002924                HardFault_Handler
                0x0000000008002924                USB_HP_IRQHandler
                0x0000000008002924                PVD_IRQHandler
                0x0000000008002924                TAMP_STAMP_IRQHandler
                0x0000000008002924                PendSV_Handler
                0x0000000008002924                NMI_Handler
                0x0000000008002924                EXTI3_IRQHandler
                0x0000000008002924                USB_HP_CAN_TX_IRQHandler
                0x0000000008002924                EXTI0_IRQHandler
                0x0000000008002924                I2C2_EV_IRQHandler
                0x0000000008002924                FPU_IRQHandler
                0x0000000008002924                TIM1_UP_TIM16_IRQHandler
                0x0000000008002924                UsageFault_Handler
                0x0000000008002924                ADC1_2_IRQHandler
                0x0000000008002924                SPI1_IRQHandler
                0x0000000008002924                CAN_SCE_IRQHandler
                0x0000000008002924                TIM6_DAC_IRQHandler
                0x0000000008002924                TIM8_UP_IRQHandler
                0x0000000008002924                DMA2_Channel2_IRQHandler
                0x0000000008002924                DMA1_Channel4_IRQHandler
                0x0000000008002924                USART3_IRQHandler
                0x0000000008002924                DMA1_Channel7_IRQHandler
                0x0000000008002924                UART5_IRQHandler
                0x0000000008002924                ADC3_IRQHandler
                0x0000000008002924                TIM4_IRQHandler
                0x0000000008002924                CAN_RX1_IRQHandler
                0x0000000008002924                DMA2_Channel1_IRQHandler
                0x0000000008002924                I2C1_EV_IRQHandler
                0x0000000008002924                DMA1_Channel6_IRQHandler
                0x0000000008002924                DMA2_Channel4_IRQHandler
                0x0000000008002924                RCC_IRQHandler
                0x0000000008002924                DMA1_Channel1_IRQHandler
                0x0000000008002924                Default_Handler
                0x0000000008002924                USBWakeUp_RMP_IRQHandler
                0x0000000008002924                EXTI15_10_IRQHandler
                0x0000000008002924                TIM7_IRQHandler
                0x0000000008002924                EXTI9_5_IRQHandler
                0x0000000008002924                RTC_WKUP_IRQHandler
                0x0000000008002924                SPI2_IRQHandler
                0x0000000008002924                USB_LP_CAN_RX0_IRQHandler
                0x0000000008002924                MemManage_Handler
                0x0000000008002924                SVC_Handler
                0x0000000008002924                DMA2_Channel5_IRQHandler
                0x0000000008002924                DMA1_Channel5_IRQHandler
                0x0000000008002924                USB_LP_IRQHandler
                0x0000000008002924                EXTI4_IRQHandler
                0x0000000008002924                TIM1_TRG_COM_TIM17_IRQHandler
                0x0000000008002924                DMA1_Channel3_IRQHandler
                0x0000000008002924                ADC4_IRQHandler
                0x0000000008002924                WWDG_IRQHandler
                0x0000000008002924                COMP7_IRQHandler
                0x0000000008002924                COMP1_2_3_IRQHandler
                0x0000000008002924                EXTI1_IRQHandler
                0x0000000008002924                USART2_IRQHandler
                0x0000000008002924                COMP4_5_6_IRQHandler
                0x0000000008002924                I2C2_ER_IRQHandler
                0x0000000008002924                DMA1_Channel2_IRQHandler
                0x0000000008002924                TIM8_BRK_IRQHandler
                0x0000000008002924                FLASH_IRQHandler
                0x0000000008002924                BusFault_Handler
                0x0000000008002924                USART1_IRQHandler
                0x0000000008002924                SPI3_IRQHandler
                0x0000000008002924                I2C1_ER_IRQHandler
                0x0000000008002924                USBWakeUp_IRQHandler
                0x0000000008002924                DMA2_Channel3_IRQHandler
                0x0000000008002924                EXTI2_TSC_IRQHandler
                0x0000000008002924                TIM1_BRK_TIM15_IRQHandler
 *fill*         0x0000000008002926        0x2 
 .text.__libc_init_array
                0x0000000008002928       0x48 /home/stepan/Software/AC6/plugins/fr.ac6.mcu.externaltools.arm-none.linux64_1.15.0.201708311556/tools/compiler/bin/../lib/gcc/arm-none-eabi/6.3.1/../../../../arm-none-eabi/lib/thumb/v7e-m/fpv4-sp/hard/libc_nano.a(lib_a-init.o)
                0x0000000008002928                __libc_init_array
 .text.memcpy   0x0000000008002970       0x16 /home/stepan/Software/AC6/plugins/fr.ac6.mcu.externaltools.arm-none.linux64_1.15.0.201708311556/tools/compiler/bin/../lib/gcc/arm-none-eabi/6.3.1/../../../../arm-none-eabi/lib/thumb/v7e-m/fpv4-sp/hard/libc_nano.a(lib_a-memcpy-stub.o)
                0x0000000008002970                memcpy
 *(.glue_7)
 .glue_7        0x0000000008002986        0x0 linker stubs
 *(.glue_7t)
 .glue_7t       0x0000000008002986        0x0 linker stubs
 *(.eh_frame)
 *fill*         0x0000000008002986        0x2 
 .eh_frame      0x0000000008002988        0x0 /home/stepan/Software/AC6/plugins/fr.ac6.mcu.externaltools.arm-none.linux64_1.15.0.201708311556/tools/compiler/bin/../lib/gcc/arm-none-eabi/6.3.1/thumb/v7e-m/fpv4-sp/hard/crtbegin.o
 *(.init)
 .init          0x0000000008002988        0x4 /home/stepan/Software/AC6/plugins/fr.ac6.mcu.externaltools.arm-none.linux64_1.15.0.201708311556/tools/compiler/bin/../lib/gcc/arm-none-eabi/6.3.1/thumb/v7e-m/fpv4-sp/hard/crti.o
                0x0000000008002988                _init
 .init          0x000000000800298c        0x8 /home/stepan/Software/AC6/plugins/fr.ac6.mcu.externaltools.arm-none.linux64_1.15.0.201708311556/tools/compiler/bin/../lib/gcc/arm-none-eabi/6.3.1/thumb/v7e-m/fpv4-sp/hard/crtn.o
 *(.fini)
 .fini          0x0000000008002994        0x4 /home/stepan/Software/AC6/plugins/fr.ac6.mcu.externaltools.arm-none.linux64_1.15.0.201708311556/tools/compiler/bin/../lib/gcc/arm-none-eabi/6.3.1/thumb/v7e-m/fpv4-sp/hard/crti.o
                0x0000000008002994                _fini
 .fini          0x0000000008002998        0x8 /home/stepan/Software/AC6/plugins/fr.ac6.mcu.externaltools.arm-none.linux64_1.15.0.201708311556/tools/compiler/bin/../lib/gcc/arm-none-eabi/6.3.1/thumb/v7e-m/fpv4-sp/hard/crtn.o
                0x00000000080029a0                . = ALIGN (0x4)
                0x00000000080029a0                _etext = .

.vfp11_veneer   0x00000000080029a0        0x0
 .vfp11_veneer  0x00000000080029a0        0x0 linker stubs

.v4_bx          0x00000000080029a0        0x0
 .v4_bx         0x00000000080029a0        0x0 linker stubs

.iplt           0x00000000080029a0        0x0
 .iplt          0x00000000080029a0        0x0 /home/stepan/Software/AC6/plugins/fr.ac6.mcu.externaltools.arm-none.linux64_1.15.0.201708311556/tools/compiler/bin/../lib/gcc/arm-none-eabi/6.3.1/thumb/v7e-m/fpv4-sp/hard/crtbegin.o

.rodata         0x00000000080029a0       0x88
                0x00000000080029a0                . = ALIGN (0x4)
 *(.rodata)
 .rodata        0x00000000080029a0       0x20 Drivers/STM32F3xx_HAL_Driver/Src/stm32f3xx_hal_rcc.o
                0x00000000080029a0                aPLLMULFactorTable
                0x00000000080029b0                aPredivFactorTable
 .rodata        0x00000000080029c0       0x22 Src/main.o
 *fill*         0x00000000080029e2        0x2 
 .rodata        0x00000000080029e4       0x18 Src/system_stm32f3xx.o
                0x00000000080029e4                AHBPrescTable
                0x00000000080029f4                APBPrescTable
 *(.rodata*)
 .rodata.str1.4
                0x00000000080029fc       0x2c Src/main.o
                                         0x29 (size before relaxing)
                0x0000000008002a28                . = ALIGN (0x4)

.rel.dyn        0x0000000008002a28        0x0
 .rel.iplt      0x0000000008002a28        0x0 /home/stepan/Software/AC6/plugins/fr.ac6.mcu.externaltools.arm-none.linux64_1.15.0.201708311556/tools/compiler/bin/../lib/gcc/arm-none-eabi/6.3.1/thumb/v7e-m/fpv4-sp/hard/crtbegin.o

.ARM.extab
 *(.ARM.extab* .gnu.linkonce.armextab.*)

.ARM            0x0000000008002a28        0x0
                0x0000000008002a28                __exidx_start = .
 *(.ARM.exidx*)
                0x0000000008002a28                __exidx_end = .

.preinit_array  0x0000000008002a28        0x0
                0x0000000008002a28                PROVIDE (__preinit_array_start, .)
 *(.preinit_array*)
                0x0000000008002a28                PROVIDE (__preinit_array_end, .)

.init_array     0x0000000008002a28        0x4
                0x0000000008002a28                PROVIDE (__init_array_start, .)
 *(SORT(.init_array.*))
 *(.init_array*)
 .init_array    0x0000000008002a28        0x4 /home/stepan/Software/AC6/plugins/fr.ac6.mcu.externaltools.arm-none.linux64_1.15.0.201708311556/tools/compiler/bin/../lib/gcc/arm-none-eabi/6.3.1/thumb/v7e-m/fpv4-sp/hard/crtbegin.o
                0x0000000008002a2c                PROVIDE (__init_array_end, .)

.fini_array     0x0000000008002a2c        0x4
                [!provide]                        PROVIDE (__fini_array_start, .)
 *(SORT(.fini_array.*))
 *(.fini_array*)
 .fini_array    0x0000000008002a2c        0x4 /home/stepan/Software/AC6/plugins/fr.ac6.mcu.externaltools.arm-none.linux64_1.15.0.201708311556/tools/compiler/bin/../lib/gcc/arm-none-eabi/6.3.1/thumb/v7e-m/fpv4-sp/hard/crtbegin.o
                [!provide]                        PROVIDE (__fini_array_end, .)
                0x0000000008002a30                _sidata = LOADADDR (.data)

.data           0x0000000020000000        0xc load address 0x0000000008002a30
                0x0000000020000000                . = ALIGN (0x4)
                0x0000000020000000                _sdata = .
 *(.data)
 .data          0x0000000020000000        0x7 Src/jeti_uart.o
 *fill*         0x0000000020000007        0x1 
 .data          0x0000000020000008        0x4 Src/system_stm32f3xx.o
                0x0000000020000008                SystemCoreClock
 *(.data*)
                0x000000002000000c                . = ALIGN (0x4)
                0x000000002000000c                _edata = .
                0x0000000008002a3c                _siccmram = LOADADDR (.ccmram)

.jcr            0x000000002000000c        0x0 load address 0x0000000008002a3c
 .jcr           0x000000002000000c        0x0 /home/stepan/Software/AC6/plugins/fr.ac6.mcu.externaltools.arm-none.linux64_1.15.0.201708311556/tools/compiler/bin/../lib/gcc/arm-none-eabi/6.3.1/thumb/v7e-m/fpv4-sp/hard/crtbegin.o

.igot.plt       0x000000002000000c        0x0 load address 0x0000000008002a3c
 .igot.plt      0x000000002000000c        0x0 /home/stepan/Software/AC6/plugins/fr.ac6.mcu.externaltools.arm-none.linux64_1.15.0.201708311556/tools/compiler/bin/../lib/gcc/arm-none-eabi/6.3.1/thumb/v7e-m/fpv4-sp/hard/crtbegin.o

.ccmram         0x0000000010000000        0x0 load address 0x0000000008002a3c
                0x0000000010000000                . = ALIGN (0x4)
                0x0000000010000000                _sccmram = .
 *(.ccmram)
 *(.ccmram*)
                0x0000000010000000                . = ALIGN (0x4)
                0x0000000010000000                _eccmram = .
                0x0000000010000000                . = ALIGN (0x4)

.bss            0x000000002000000c     0x319c
                0x000000002000000c                _sbss = .
                0x000000002000000c                __bss_start__ = _sbss
 *(.bss)
 .bss           0x000000002000000c       0x1c /home/stepan/Software/AC6/plugins/fr.ac6.mcu.externaltools.arm-none.linux64_1.15.0.201708311556/tools/compiler/bin/../lib/gcc/arm-none-eabi/6.3.1/thumb/v7e-m/fpv4-sp/hard/crtbegin.o
 .bss           0x0000000020000028        0xf Src/jeti_uart.o
                0x0000000020000028                p_stack_low
                0x000000002000002a                p_stack_high
                0x000000002000002d                jeti_uart_start
                0x0000000020000034                jeti_uart_count
 *fill*         0x0000000020000037        0x1 
 .bss           0x0000000020000038      0x808 Src/main.o
                0x0000000020000038                timetick_ms
                0x000000002000003c                p_high
                0x000000002000003e                p_low
                0x0000000020000040                circle_buff
 .bss           0x0000000020000840        0x1 Src/stm32f3xx_it.o
 *(.bss*)
 *(COMMON)
 *fill*         0x0000000020000841        0x3 
 COMMON         0x0000000020000844        0x4 Drivers/STM32F3xx_HAL_Driver/Src/stm32f3xx_hal.o
                0x0000000020000844                uwTick
 COMMON         0x0000000020000848     0x2800 Src/jeti_uart.o
                0x0000000020000848                stack_lenght
                0x0000000020001048                stack_seq
 COMMON         0x0000000020003048      0x160 Src/main.o
                0x0000000020003048                htim3
                0x0000000020003088                huart4
                0x00000000200030f8                htim2
                0x0000000020003138                huart2
                0x00000000200031a8                . = ALIGN (0x4)
                0x00000000200031a8                _ebss = .
                0x00000000200031a8                __bss_end__ = _ebss

._user_heap_stack
                0x00000000200031a8      0x600
                0x00000000200031a8                . = ALIGN (0x8)
                [!provide]                        PROVIDE (end, .)
                [!provide]                        PROVIDE (_end, .)
                0x00000000200033a8                . = (. + _Min_Heap_Size)
 *fill*         0x00000000200031a8      0x200 
                0x00000000200037a8                . = (. + _Min_Stack_Size)
 *fill*         0x00000000200033a8      0x400 
                0x00000000200037a8                . = ALIGN (0x8)

/DISCARD/
 libc.a(*)
 libm.a(*)
 libgcc.a(*)

.ARM.attributes
                0x0000000000000000       0x30
 *(.ARM.attributes)
 .ARM.attributes
                0x0000000000000000       0x22 /home/stepan/Software/AC6/plugins/fr.ac6.mcu.externaltools.arm-none.linux64_1.15.0.201708311556/tools/compiler/bin/../lib/gcc/arm-none-eabi/6.3.1/thumb/v7e-m/fpv4-sp/hard/crti.o
 .ARM.attributes
                0x0000000000000022       0x34 /home/stepan/Software/AC6/plugins/fr.ac6.mcu.externaltools.arm-none.linux64_1.15.0.201708311556/tools/compiler/bin/../lib/gcc/arm-none-eabi/6.3.1/thumb/v7e-m/fpv4-sp/hard/crtbegin.o
 .ARM.attributes
                0x0000000000000056       0x39 Drivers/STM32F3xx_HAL_Driver/Src/stm32f3xx_hal.o
 .ARM.attributes
                0x000000000000008f       0x39 Drivers/STM32F3xx_HAL_Driver/Src/stm32f3xx_hal_cortex.o
 .ARM.attributes
                0x00000000000000c8       0x39 Drivers/STM32F3xx_HAL_Driver/Src/stm32f3xx_hal_dma.o
 .ARM.attributes
                0x0000000000000101       0x39 Drivers/STM32F3xx_HAL_Driver/Src/stm32f3xx_hal_gpio.o
 .ARM.attributes
                0x000000000000013a       0x39 Drivers/STM32F3xx_HAL_Driver/Src/stm32f3xx_hal_rcc.o
 .ARM.attributes
                0x0000000000000173       0x39 Drivers/STM32F3xx_HAL_Driver/Src/stm32f3xx_hal_rcc_ex.o
 .ARM.attributes
                0x00000000000001ac       0x39 Drivers/STM32F3xx_HAL_Driver/Src/stm32f3xx_hal_tim.o
 .ARM.attributes
                0x00000000000001e5       0x39 Drivers/STM32F3xx_HAL_Driver/Src/stm32f3xx_hal_tim_ex.o
 .ARM.attributes
                0x000000000000021e       0x39 Drivers/STM32F3xx_HAL_Driver/Src/stm32f3xx_hal_uart.o
 .ARM.attributes
                0x0000000000000257       0x39 Drivers/STM32F3xx_HAL_Driver/Src/stm32f3xx_hal_uart_ex.o
 .ARM.attributes
                0x0000000000000290       0x39 Src/jeti_uart.o
 .ARM.attributes
                0x00000000000002c9       0x39 Src/main.o
 .ARM.attributes
                0x0000000000000302       0x39 Src/stm32f3xx_hal_msp.o
 .ARM.attributes
                0x000000000000033b       0x39 Src/stm32f3xx_it.o
 .ARM.attributes
                0x0000000000000374       0x39 Src/system_stm32f3xx.o
 .ARM.attributes
                0x00000000000003ad       0x21 startup/startup_stm32f303xc.o
 .ARM.attributes
                0x00000000000003ce       0x34 /home/stepan/Software/AC6/plugins/fr.ac6.mcu.externaltools.arm-none.linux64_1.15.0.201708311556/tools/compiler/bin/../lib/gcc/arm-none-eabi/6.3.1/../../../../arm-none-eabi/lib/thumb/v7e-m/fpv4-sp/hard/libc_nano.a(lib_a-init.o)
 .ARM.attributes
                0x0000000000000402       0x34 /home/stepan/Software/AC6/plugins/fr.ac6.mcu.externaltools.arm-none.linux64_1.15.0.201708311556/tools/compiler/bin/../lib/gcc/arm-none-eabi/6.3.1/../../../../arm-none-eabi/lib/thumb/v7e-m/fpv4-sp/hard/libc_nano.a(lib_a-memcpy-stub.o)
 .ARM.attributes
                0x0000000000000436       0x1b /home/stepan/Software/AC6/plugins/fr.ac6.mcu.externaltools.arm-none.linux64_1.15.0.201708311556/tools/compiler/bin/../lib/gcc/arm-none-eabi/6.3.1/../../../../arm-none-eabi/lib/thumb/v7e-m/fpv4-sp/hard/libc_nano.a(lib_a-strlen.o)
 .ARM.attributes
                0x0000000000000451       0x22 /home/stepan/Software/AC6/plugins/fr.ac6.mcu.externaltools.arm-none.linux64_1.15.0.201708311556/tools/compiler/bin/../lib/gcc/arm-none-eabi/6.3.1/thumb/v7e-m/fpv4-sp/hard/crtn.o
OUTPUT(STM32Discovery.elf elf32-littlearm)

.debug_info     0x0000000000000000    0x16566
 .debug_info    0x0000000000000000      0xfc4 Drivers/STM32F3xx_HAL_Driver/Src/stm32f3xx_hal.o
 .debug_info    0x0000000000000fc4     0x16c0 Drivers/STM32F3xx_HAL_Driver/Src/stm32f3xx_hal_cortex.o
 .debug_info    0x0000000000002684     0x1049 Drivers/STM32F3xx_HAL_Driver/Src/stm32f3xx_hal_dma.o
 .debug_info    0x00000000000036cd      0xeed Drivers/STM32F3xx_HAL_Driver/Src/stm32f3xx_hal_gpio.o
 .debug_info    0x00000000000045ba     0x1baf Drivers/STM32F3xx_HAL_Driver/Src/stm32f3xx_hal_rcc.o
 .debug_info    0x0000000000006169      0xf80 Drivers/STM32F3xx_HAL_Driver/Src/stm32f3xx_hal_rcc_ex.o
 .debug_info    0x00000000000070e9     0x37bd Drivers/STM32F3xx_HAL_Driver/Src/stm32f3xx_hal_tim.o
 .debug_info    0x000000000000a8a6     0x1eb5 Drivers/STM32F3xx_HAL_Driver/Src/stm32f3xx_hal_tim_ex.o
 .debug_info    0x000000000000c75b     0x21de Drivers/STM32F3xx_HAL_Driver/Src/stm32f3xx_hal_uart.o
 .debug_info    0x000000000000e939     0x1141 Drivers/STM32F3xx_HAL_Driver/Src/stm32f3xx_hal_uart_ex.o
 .debug_info    0x000000000000fa7a     0x1045 Src/jeti_uart.o
 .debug_info    0x0000000000010abf     0x2267 Src/main.o
 .debug_info    0x0000000000012d26     0x181e Src/stm32f3xx_hal_msp.o
 .debug_info    0x0000000000014544     0x1381 Src/stm32f3xx_it.o
 .debug_info    0x00000000000158c5      0xc30 Src/system_stm32f3xx.o
 .debug_info    0x00000000000164f5       0x71 startup/startup_stm32f303xc.o

.debug_abbrev   0x0000000000000000     0x2a91
 .debug_abbrev  0x0000000000000000      0x2d3 Drivers/STM32F3xx_HAL_Driver/Src/stm32f3xx_hal.o
 .debug_abbrev  0x00000000000002d3      0x3b5 Drivers/STM32F3xx_HAL_Driver/Src/stm32f3xx_hal_cortex.o
 .debug_abbrev  0x0000000000000688      0x2d1 Drivers/STM32F3xx_HAL_Driver/Src/stm32f3xx_hal_dma.o
 .debug_abbrev  0x0000000000000959      0x2a2 Drivers/STM32F3xx_HAL_Driver/Src/stm32f3xx_hal_gpio.o
 .debug_abbrev  0x0000000000000bfb      0x340 Drivers/STM32F3xx_HAL_Driver/Src/stm32f3xx_hal_rcc.o
 .debug_abbrev  0x0000000000000f3b      0x331 Drivers/STM32F3xx_HAL_Driver/Src/stm32f3xx_hal_rcc_ex.o
 .debug_abbrev  0x000000000000126c      0x2d9 Drivers/STM32F3xx_HAL_Driver/Src/stm32f3xx_hal_tim.o
 .debug_abbrev  0x0000000000001545      0x2d9 Drivers/STM32F3xx_HAL_Driver/Src/stm32f3xx_hal_tim_ex.o
 .debug_abbrev  0x000000000000181e      0x2e6 Drivers/STM32F3xx_HAL_Driver/Src/stm32f3xx_hal_uart.o
 .debug_abbrev  0x0000000000001b04      0x2a3 Drivers/STM32F3xx_HAL_Driver/Src/stm32f3xx_hal_uart_ex.o
 .debug_abbrev  0x0000000000001da7      0x306 Src/jeti_uart.o
 .debug_abbrev  0x00000000000020ad      0x329 Src/main.o
 .debug_abbrev  0x00000000000023d6      0x24d Src/stm32f3xx_hal_msp.o
 .debug_abbrev  0x0000000000002623      0x25a Src/stm32f3xx_it.o
 .debug_abbrev  0x000000000000287d      0x202 Src/system_stm32f3xx.o
 .debug_abbrev  0x0000000000002a7f       0x12 startup/startup_stm32f303xc.o

.debug_loc      0x0000000000000000     0x9214
 .debug_loc     0x0000000000000000       0x69 Drivers/STM32F3xx_HAL_Driver/Src/stm32f3xx_hal.o
 .debug_loc     0x0000000000000069      0x5ce Drivers/STM32F3xx_HAL_Driver/Src/stm32f3xx_hal_cortex.o
 .debug_loc     0x0000000000000637      0x708 Drivers/STM32F3xx_HAL_Driver/Src/stm32f3xx_hal_dma.o
 .debug_loc     0x0000000000000d3f      0x331 Drivers/STM32F3xx_HAL_Driver/Src/stm32f3xx_hal_gpio.o
 .debug_loc     0x0000000000001070      0x908 Drivers/STM32F3xx_HAL_Driver/Src/stm32f3xx_hal_rcc.o
 .debug_loc     0x0000000000001978      0x811 Drivers/STM32F3xx_HAL_Driver/Src/stm32f3xx_hal_rcc_ex.o
 .debug_loc     0x0000000000002189     0x35de Drivers/STM32F3xx_HAL_Driver/Src/stm32f3xx_hal_tim.o
 .debug_loc     0x0000000000005767     0x18d8 Drivers/STM32F3xx_HAL_Driver/Src/stm32f3xx_hal_tim_ex.o
 .debug_loc     0x000000000000703f     0x17b7 Drivers/STM32F3xx_HAL_Driver/Src/stm32f3xx_hal_uart.o
 .debug_loc     0x00000000000087f6      0x31c Drivers/STM32F3xx_HAL_Driver/Src/stm32f3xx_hal_uart_ex.o
 .debug_loc     0x0000000000008b12      0x3ed Src/jeti_uart.o
 .debug_loc     0x0000000000008eff       0xca Src/main.o
 .debug_loc     0x0000000000008fc9      0x14c Src/stm32f3xx_hal_msp.o
 .debug_loc     0x0000000000009115       0xff Src/system_stm32f3xx.o

.debug_aranges  0x0000000000000000      0xbc0
 .debug_aranges
                0x0000000000000000       0xc8 Drivers/STM32F3xx_HAL_Driver/Src/stm32f3xx_hal.o
 .debug_aranges
                0x00000000000000c8       0xa8 Drivers/STM32F3xx_HAL_Driver/Src/stm32f3xx_hal_cortex.o
 .debug_aranges
                0x0000000000000170       0x88 Drivers/STM32F3xx_HAL_Driver/Src/stm32f3xx_hal_dma.o
 .debug_aranges
                0x00000000000001f8       0x58 Drivers/STM32F3xx_HAL_Driver/Src/stm32f3xx_hal_gpio.o
 .debug_aranges
                0x0000000000000250       0x88 Drivers/STM32F3xx_HAL_Driver/Src/stm32f3xx_hal_rcc.o
 .debug_aranges
                0x00000000000002d8       0x38 Drivers/STM32F3xx_HAL_Driver/Src/stm32f3xx_hal_rcc_ex.o
 .debug_aranges
                0x0000000000000310      0x378 Drivers/STM32F3xx_HAL_Driver/Src/stm32f3xx_hal_tim.o
 .debug_aranges
                0x0000000000000688      0x178 Drivers/STM32F3xx_HAL_Driver/Src/stm32f3xx_hal_tim_ex.o
 .debug_aranges
                0x0000000000000800      0x1f0 Drivers/STM32F3xx_HAL_Driver/Src/stm32f3xx_hal_uart.o
 .debug_aranges
                0x00000000000009f0       0x48 Drivers/STM32F3xx_HAL_Driver/Src/stm32f3xx_hal_uart_ex.o
 .debug_aranges
                0x0000000000000a38       0x60 Src/jeti_uart.o
 .debug_aranges
                0x0000000000000a98       0x60 Src/main.o
 .debug_aranges
                0x0000000000000af8       0x40 Src/stm32f3xx_hal_msp.o
 .debug_aranges
                0x0000000000000b38       0x38 Src/stm32f3xx_it.o
 .debug_aranges
                0x0000000000000b70       0x28 Src/system_stm32f3xx.o
 .debug_aranges
                0x0000000000000b98       0x28 startup/startup_stm32f303xc.o

.debug_ranges   0x0000000000000000      0xb60
 .debug_ranges  0x0000000000000000       0xb8 Drivers/STM32F3xx_HAL_Driver/Src/stm32f3xx_hal.o
 .debug_ranges  0x00000000000000b8       0xf8 Drivers/STM32F3xx_HAL_Driver/Src/stm32f3xx_hal_cortex.o
 .debug_ranges  0x00000000000001b0       0x78 Drivers/STM32F3xx_HAL_Driver/Src/stm32f3xx_hal_dma.o
 .debug_ranges  0x0000000000000228       0x48 Drivers/STM32F3xx_HAL_Driver/Src/stm32f3xx_hal_gpio.o
 .debug_ranges  0x0000000000000270       0x98 Drivers/STM32F3xx_HAL_Driver/Src/stm32f3xx_hal_rcc.o
 .debug_ranges  0x0000000000000308       0x40 Drivers/STM32F3xx_HAL_Driver/Src/stm32f3xx_hal_rcc_ex.o
 .debug_ranges  0x0000000000000348      0x368 Drivers/STM32F3xx_HAL_Driver/Src/stm32f3xx_hal_tim.o
 .debug_ranges  0x00000000000006b0      0x168 Drivers/STM32F3xx_HAL_Driver/Src/stm32f3xx_hal_tim_ex.o
 .debug_ranges  0x0000000000000818      0x1e0 Drivers/STM32F3xx_HAL_Driver/Src/stm32f3xx_hal_uart.o
 .debug_ranges  0x00000000000009f8       0x38 Drivers/STM32F3xx_HAL_Driver/Src/stm32f3xx_hal_uart_ex.o
 .debug_ranges  0x0000000000000a30       0x50 Src/jeti_uart.o
 .debug_ranges  0x0000000000000a80       0x50 Src/main.o
 .debug_ranges  0x0000000000000ad0       0x30 Src/stm32f3xx_hal_msp.o
 .debug_ranges  0x0000000000000b00       0x28 Src/stm32f3xx_it.o
 .debug_ranges  0x0000000000000b28       0x18 Src/system_stm32f3xx.o
 .debug_ranges  0x0000000000000b40       0x20 startup/startup_stm32f303xc.o

.debug_line     0x0000000000000000     0x706b
 .debug_line    0x0000000000000000      0x512 Drivers/STM32F3xx_HAL_Driver/Src/stm32f3xx_hal.o
 .debug_line    0x0000000000000512      0x58c Drivers/STM32F3xx_HAL_Driver/Src/stm32f3xx_hal_cortex.o
 .debug_line    0x0000000000000a9e      0x5f1 Drivers/STM32F3xx_HAL_Driver/Src/stm32f3xx_hal_dma.o
 .debug_line    0x000000000000108f      0x4f1 Drivers/STM32F3xx_HAL_Driver/Src/stm32f3xx_hal_gpio.o
 .debug_line    0x0000000000001580      0x883 Drivers/STM32F3xx_HAL_Driver/Src/stm32f3xx_hal_rcc.o
 .debug_line    0x0000000000001e03      0x663 Drivers/STM32F3xx_HAL_Driver/Src/stm32f3xx_hal_rcc_ex.o
 .debug_line    0x0000000000002466     0x1620 Drivers/STM32F3xx_HAL_Driver/Src/stm32f3xx_hal_tim.o
 .debug_line    0x0000000000003a86      0xb2c Drivers/STM32F3xx_HAL_Driver/Src/stm32f3xx_hal_tim_ex.o
 .debug_line    0x00000000000045b2      0xe75 Drivers/STM32F3xx_HAL_Driver/Src/stm32f3xx_hal_uart.o
 .debug_line    0x0000000000005427      0x4c9 Drivers/STM32F3xx_HAL_Driver/Src/stm32f3xx_hal_uart_ex.o
 .debug_line    0x00000000000058f0      0x596 Src/jeti_uart.o
 .debug_line    0x0000000000005e86      0x594 Src/main.o
 .debug_line    0x000000000000641a      0x46b Src/stm32f3xx_hal_msp.o
 .debug_line    0x0000000000006885      0x431 Src/stm32f3xx_it.o
 .debug_line    0x0000000000006cb6      0x336 Src/system_stm32f3xx.o
 .debug_line    0x0000000000006fec       0x7f startup/startup_stm32f303xc.o

.debug_str      0x0000000000000000     0x3ef6
 .debug_str     0x0000000000000000      0xc9f Drivers/STM32F3xx_HAL_Driver/Src/stm32f3xx_hal.o
                                        0xd2d (size before relaxing)
 .debug_str     0x0000000000000c9f      0x3f0 Drivers/STM32F3xx_HAL_Driver/Src/stm32f3xx_hal_cortex.o
                                        0xf80 (size before relaxing)
 .debug_str     0x000000000000108f      0x3f9 Drivers/STM32F3xx_HAL_Driver/Src/stm32f3xx_hal_dma.o
                                        0xa72 (size before relaxing)
 .debug_str     0x0000000000001488      0x1ee Drivers/STM32F3xx_HAL_Driver/Src/stm32f3xx_hal_gpio.o
                                        0x88b (size before relaxing)
 .debug_str     0x0000000000001676      0x315 Drivers/STM32F3xx_HAL_Driver/Src/stm32f3xx_hal_rcc.o
                                        0xa6a (size before relaxing)
 .debug_str     0x000000000000198b      0x22f Drivers/STM32F3xx_HAL_Driver/Src/stm32f3xx_hal_rcc_ex.o
                                        0x96c (size before relaxing)
 .debug_str     0x0000000000001bba      0xf75 Drivers/STM32F3xx_HAL_Driver/Src/stm32f3xx_hal_tim.o
                                       0x1807 (size before relaxing)
 .debug_str     0x0000000000002b2f      0x5a3 Drivers/STM32F3xx_HAL_Driver/Src/stm32f3xx_hal_tim_ex.o
                                       0x1242 (size before relaxing)
 .debug_str     0x00000000000030d2      0x926 Drivers/STM32F3xx_HAL_Driver/Src/stm32f3xx_hal_uart.o
                                       0x127f (size before relaxing)
 .debug_str     0x00000000000039f8       0xed Drivers/STM32F3xx_HAL_Driver/Src/stm32f3xx_hal_uart_ex.o
                                        0xc83 (size before relaxing)
 .debug_str     0x0000000000003ae5      0x21b Src/jeti_uart.o
                                        0x875 (size before relaxing)
 .debug_str     0x0000000000003d00      0x12a Src/main.o
                                       0x1830 (size before relaxing)
 .debug_str     0x0000000000003e2a       0x25 Src/stm32f3xx_hal_msp.o
                                       0x1225 (size before relaxing)
 .debug_str     0x0000000000003e4f       0x57 Src/stm32f3xx_it.o
                                        0xd91 (size before relaxing)
 .debug_str     0x0000000000003ea6       0x50 Src/system_stm32f3xx.o
                                        0x6e7 (size before relaxing)

.comment        0x0000000000000000       0x7f
 .comment       0x0000000000000000       0x7f Drivers/STM32F3xx_HAL_Driver/Src/stm32f3xx_hal.o
                                         0x80 (size before relaxing)
 .comment       0x000000000000007f       0x80 Drivers/STM32F3xx_HAL_Driver/Src/stm32f3xx_hal_cortex.o
 .comment       0x000000000000007f       0x80 Drivers/STM32F3xx_HAL_Driver/Src/stm32f3xx_hal_dma.o
 .comment       0x000000000000007f       0x80 Drivers/STM32F3xx_HAL_Driver/Src/stm32f3xx_hal_gpio.o
 .comment       0x000000000000007f       0x80 Drivers/STM32F3xx_HAL_Driver/Src/stm32f3xx_hal_rcc.o
 .comment       0x000000000000007f       0x80 Drivers/STM32F3xx_HAL_Driver/Src/stm32f3xx_hal_rcc_ex.o
 .comment       0x000000000000007f       0x80 Drivers/STM32F3xx_HAL_Driver/Src/stm32f3xx_hal_tim.o
 .comment       0x000000000000007f       0x80 Drivers/STM32F3xx_HAL_Driver/Src/stm32f3xx_hal_tim_ex.o
 .comment       0x000000000000007f       0x80 Drivers/STM32F3xx_HAL_Driver/Src/stm32f3xx_hal_uart.o
 .comment       0x000000000000007f       0x80 Drivers/STM32F3xx_HAL_Driver/Src/stm32f3xx_hal_uart_ex.o
 .comment       0x000000000000007f       0x80 Src/jeti_uart.o
 .comment       0x000000000000007f       0x80 Src/main.o
 .comment       0x000000000000007f       0x80 Src/stm32f3xx_hal_msp.o
 .comment       0x000000000000007f       0x80 Src/stm32f3xx_it.o
 .comment       0x000000000000007f       0x80 Src/system_stm32f3xx.o

.debug_frame    0x0000000000000000     0x1f28
 .debug_frame   0x0000000000000000      0x198 Drivers/STM32F3xx_HAL_Driver/Src/stm32f3xx_hal.o
 .debug_frame   0x0000000000000198      0x15c Drivers/STM32F3xx_HAL_Driver/Src/stm32f3xx_hal_cortex.o
 .debug_frame   0x00000000000002f4      0x164 Drivers/STM32F3xx_HAL_Driver/Src/stm32f3xx_hal_dma.o
 .debug_frame   0x0000000000000458       0xd0 Drivers/STM32F3xx_HAL_Driver/Src/stm32f3xx_hal_gpio.o
 .debug_frame   0x0000000000000528      0x14c Drivers/STM32F3xx_HAL_Driver/Src/stm32f3xx_hal_rcc.o
 .debug_frame   0x0000000000000674       0x7c Drivers/STM32F3xx_HAL_Driver/Src/stm32f3xx_hal_rcc_ex.o
 .debug_frame   0x00000000000006f0      0xa1c Drivers/STM32F3xx_HAL_Driver/Src/stm32f3xx_hal_tim.o
 .debug_frame   0x000000000000110c      0x45c Drivers/STM32F3xx_HAL_Driver/Src/stm32f3xx_hal_tim_ex.o
 .debug_frame   0x0000000000001568      0x570 Drivers/STM32F3xx_HAL_Driver/Src/stm32f3xx_hal_uart.o
 .debug_frame   0x0000000000001ad8       0xb4 Drivers/STM32F3xx_HAL_Driver/Src/stm32f3xx_hal_uart_ex.o
 .debug_frame   0x0000000000001b8c       0xfc Src/jeti_uart.o
 .debug_frame   0x0000000000001c88      0x110 Src/main.o
 .debug_frame   0x0000000000001d98       0x9c Src/stm32f3xx_hal_msp.o
 .debug_frame   0x0000000000001e34       0x70 Src/stm32f3xx_it.o
 .debug_frame   0x0000000000001ea4       0x30 Src/system_stm32f3xx.o
 .debug_frame   0x0000000000001ed4       0x2c /home/stepan/Software/AC6/plugins/fr.ac6.mcu.externaltools.arm-none.linux64_1.15.0.201708311556/tools/compiler/bin/../lib/gcc/arm-none-eabi/6.3.1/../../../../arm-none-eabi/lib/thumb/v7e-m/fpv4-sp/hard/libc_nano.a(lib_a-init.o)
 .debug_frame   0x0000000000001f00       0x28 /home/stepan/Software/AC6/plugins/fr.ac6.mcu.externaltools.arm-none.linux64_1.15.0.201708311556/tools/compiler/bin/../lib/gcc/arm-none-eabi/6.3.1/../../../../arm-none-eabi/lib/thumb/v7e-m/fpv4-sp/hard/libc_nano.a(lib_a-memcpy-stub.o)
